---
source: src/ui.rs
assertion_line: 5168
expression: output
---
╭ RustNet Monitor ─────────────────────────────────────────────────────────────╮
│ Overview  ▏  Details  ▏  Interfaces  ▏  Graph  ▏  Help                       │
╰──────────────────────────────────────────────────────────────────────────────╯
