---
source: src/ui.rs
assertion_line: 5198
expression: output
---
╭Filter (↑↓/jk to navigate, Enter to confirm, Esc to cancel)───────────────────╮
│|                                                                             │
╰──────────────────────────────────────────────────────────────────────────────╯
