---
source: src/ui/mod.rs
expression: output
---
 rustnet    1 Overview   2 Details   3 Activity   4 Graph   5 Host        ● eth0
─────────────────────────━━━━━━━━━──────────────────────────────────────────────
Connection   Network   Process   Application   Health   Traffic                 
────────────────────────────────────────────────────────━━━━━━━─────────────────
▎ firefox → 140.82.121.4:443 [ESTABLISHED] · click a field to copy ─────────────
▎ Traffic Statistics · smoothed · independent B/s · linear · auto ──────────────
↓ RX Now 3.05 MB/s   →peak   3.05 MB/s  ↑ TX Now 927.73 KB/s →peak 927.73 KB/s  
Total 234.38 KB  ·  234 packets         Total 12.21 KB  ·  12 packets           
Collecting traffic history...           Collecting traffic history...           
                                                                                
                                                                                
                                                                                
                                                                                
                                                                                
                                                                                
                                                                                
                                                                                
                                                                                
                                                                                
                                                                                
                                                                                
                                                                                
                                                                                
 v/V section/page  j/k connection  s scale  z log  l lock        h help  q quit
