---
source: src/ui/mod.rs
assertion_line: 650
expression: output
---
                                                                                
                                                                                
                                                                                
                                                                                
                                                                                
                                                                                
                                                                                
                                                                                
╭RustNet Monitor───────────────────────────────────────────────────────────────╮
│                                                                              │
│                       ⣾ Loading network connections...                       │
│                                                                              │
│                          This may take a few seconds                         │
│                                                                              │
│                   ⠀⠀⠀⠀⠀⠀⠀⠀⠀⠀⠀⠀⠀⠀⣠⣶⣿⣿⣿⣿⣷⣤⡀⠀⠀⠀⠀⠀⢀⣠⣤⣤⣤⣄⡀⠀⠀⠀⠀⠀                   │
│                   ⣀⣠⣴⣾⣿⣿⣿⣷⣦⣄⣀⣀⣠⣾⣿⣿⣿⣿⣿⣿⣿⣿⣿⣦⣀⣀⣠⣴⣿⣿⣿⣿⣿⣿⣿⣶⣤⣀⣀⠀                   │
╰──────────────────────────────────────────────────────────────────────────────╯
