---
source: src/ui/mod.rs
expression: output
---
 rustnet    1 Overview   2 Details   3 Activity   4 Graph   5 Host        ● eth0
─────────────────────────━━━━━━━━━──────────────────────────────────────────────
▎ firefox → 140.82.121.4:443 [ESTABLISHED] · click a field to copy ─────────────
▎ Connection (1/6) · v next section ────────────────────────────────────────────
Connection                                                                      
Protocol              TCP                                                       
Status                Active (last seen <T> ago)                                 
Local Address         192.168.1.10:51234                                        
Remote Address        140.82.121.4:443                                          
Scope                 PUBLIC                                                    
State                 ESTABLISHED                                               
Process               firefox                                                   
PID                   2001                                                      
Service               https                                                     
                                                                                
                                                                                
                                                                                
                                                                                
                                                                                
                                                                                
                                                                                
                                                                                
                                                                                
 v section  j/k prev/next  c copy remote addr  esc back          h help  q quit
