---
source: src/ui/mod.rs
expression: output
---
 rustnet    1 Overview   2 Details   3 Interfaces   4 Graph   5 Help                                                                        
─────────────────────────━━━━━━━━━──────────────────────────────────────────────────────────────────────────────────────────────────────────
  Process                  Remote                       Local               Service    App                          State            Rx↓/Tx↑
                                                                                                                                            
> firefox (2001)           140.82.121.4:443             192.168.1.10:51234  https      TCP                          ESTABLISHED          -/-
  systemd-resolved (820)   1.1.1.1:53                   192.168.1.10:53     dns        UDP                          UDP_ACTIVE           -/-
  sshd (1500)              10.0.0.5:51022               192.168.1.10:22     ssh        TCP                          ESTABLISHED          -/-
                                                                                                                                            
▎ firefox → 140.82.121.4:443 · click a field to copy                                                                                        
Connection                                                            Application                                                           
Protocol              TCP                                             Detected              -                                               
Status                Active (last seen <T> ago)                                                                                             
Local Address         192.168.1.10:51234                                                                                                    
Remote Address        140.82.121.4:443                                                                                                      
Scope                 PUBLIC                                                                                                                
State                 ESTABLISHED                                                                                                           
Process               firefox                                                                                                               
PID                   2001                                                                                                                  
Service               https                                                                                                                 
                                                                                                                                            
Network Context                                                       Transport Health                                                      
Local Hostname        -                                               Initial RTT           -                                               
Remote Hostname       -                                               TCP Retransmits       0                                               
Country               -                                               Out-of-Order Packets  0                                               
City                  -                                               Duplicate ACKs        0                                               
ASN                   -                                               Fast Retransmits      0                                               
                                                                      Window Size           0                                               
                                                                                                                                            
▎ Traffic Statistics                                                                                                                        
↓ RX -           →                                 peak           -   ↑ TX -           →                                 peak           -   
Total 234.38 KB  ·  234 packets                                       Total 12.21 KB  ·  12 packets                                         
⠀⠀⠀⠀⠀⠀⠀⠀⠀⠀⠀⠀⠀⠀⠀⠀⠀⠀⠀⠀⠀⠀⠀⠀⠀⠀⠀⠀⠀⠀⠀⠀⠀⠀⠀⠀⠀⠀⠀⠀⠀⠀⠀⠀⠀⠀⠀⠀⠀⠀⠀⠀⠀⠀⠀⠀⠀⠀⠀⠀⠀⠀⠀⠀⠀⠀⠀⠀  ⠀⠀⠀⠀⠀⠀⠀⠀⠀⠀⠀⠀⠀⠀⠀⠀⠀⠀⠀⠀⠀⠀⠀⠀⠀⠀⠀⠀⠀⠀⠀⠀⠀⠀⠀⠀⠀⠀⠀⠀⠀⠀⠀⠀⠀⠀⠀⠀⠀⠀⠀⠀⠀⠀⠀⠀⠀⠀⠀⠀⠀⠀⠀⠀⠀⠀⠀⠀  
⠀⠀⠀⠀⠀⠀⠀⠀⠀⠀⠀⠀⠀⠀⠀⠀⠀⠀⠀⠀⠀⠀⠀⠀⠀⠀⠀⠀⠀⠀⠀⠀⠀⠀⠀⠀⠀⠀⠀⠀⠀⠀⠀⠀⠀⠀⠀⠀⠀⠀⠀⠀⠀⠀⠀⠀⠀⠀⠀⠀⠀⠀⠀⠀⠀⠀⠀⠀  ⠀⠀⠀⠀⠀⠀⠀⠀⠀⠀⠀⠀⠀⠀⠀⠀⠀⠀⠀⠀⠀⠀⠀⠀⠀⠀⠀⠀⠀⠀⠀⠀⠀⠀⠀⠀⠀⠀⠀⠀⠀⠀⠀⠀⠀⠀⠀⠀⠀⠀⠀⠀⠀⠀⠀⠀⠀⠀⠀⠀⠀⠀⠀⠀⠀⠀⠀⠀  
⠀⠀⠀⠀⠀⠀⠀⠀⠀⠀⠀⠀⠀⠀⠀⠀⠀⠀⠀⠀⠀⠀⠀⠀⠀⠀⠀⠀⠀⠀⠀⠀⠀⠀⠀⠀⠀⠀⠀⠀⠀⠀⠀⠀⠀⠀⠀⠀⠀⠀⠀⠀⠀⠀⠀⠀⠀⠀⠀⠀⠀⠀⠀⠀⠀⠀⠀⠀  ⠀⠀⠀⠀⠀⠀⠀⠀⠀⠀⠀⠀⠀⠀⠀⠀⠀⠀⠀⠀⠀⠀⠀⠀⠀⠀⠀⠀⠀⠀⠀⠀⠀⠀⠀⠀⠀⠀⠀⠀⠀⠀⠀⠀⠀⠀⠀⠀⠀⠀⠀⠀⠀⠀⠀⠀⠀⠀⠀⠀⠀⠀⠀⠀⠀⠀⠀⠀  
⠀⠀⠀⠀⠀⠀⠀⠀⠀⠀⠀⠀⠀⠀⠀⠀⠀⠀⠀⠀⠀⠀⠀⠀⠀⠀⠀⠀⠀⠀⠀⠀⠀⠀⠀⠀⠀⠀⠀⠀⠀⠀⠀⠀⠀⠀⠀⠀⠀⠀⠀⠀⠀⠀⠀⠀⠀⠀⠀⠀⠀⠀⠀⠀⠀⠀⠀⠀  ⠀⠀⠀⠀⠀⠀⠀⠀⠀⠀⠀⠀⠀⠀⠀⠀⠀⠀⠀⠀⠀⠀⠀⠀⠀⠀⠀⠀⠀⠀⠀⠀⠀⠀⠀⠀⠀⠀⠀⠀⠀⠀⠀⠀⠀⠀⠀⠀⠀⠀⠀⠀⠀⠀⠀⠀⠀⠀⠀⠀⠀⠀⠀⠀⠀⠀⠀⠀  
                                                                                                                                            
                                                                                                                                            
                                                                                                                                            
                                                                                                                                            
 'h' help | 1-5 jump | Tab/[/] cycle | j/k prev/next | Ctrl-d/u scroll | 'c' copy remote addr | Esc back
