---
source: src/ui/mod.rs
expression: output
---
 rustnet    1 Overview   2 Details   3 Activity   4 Graph   5 Host        ● eth0
──────────────────────────────────────────────────━━━━━━━───────────────────────
[Traffic]   Health    Distribution                                   v/V section
▎ Traffic Over Time (60s) ──────────────────────────────────────────────────────
Waiting for traffic data...                                                     
                                                                                
                                                                                
                                                                                
                                                                                
                                                                                
                                                                                
                                                                                
                                                                                
                                                                                
                                                                                
▎ Connection Lifecycle ─────────────────────────────────────────────────────────
Waiting for connection data...                                                  
                                                                                
                                                                                
                                                                                
                                                                                
                                                                                
                                                                                
 esc back                                                        h help  q quit
