---
source: src/ui.rs
assertion_line: 5555
expression: output
---
                                                                                
                                                                                
                                                                                
                                                                                
                                                                                
                                                                                
                                                                                
╭RustNet Monitor───────────────────────────────────────────────────────────────╮
│                                                                              │
│                       ⣾ Loading network connections...                       │
│                                                                              │
╰──────────────────────────────────────────────────────────────────────────────╯
