---
source: src/ui/mod.rs
expression: output
---
                                                                                                    
                                                                                                    
    ╭ Help · Details ──────────────────────────────────────────────────────────────────────────╮    
    │ Inspect the currently selected connection.                                               │    
    │                                                                                          │    
    │ ▎ Details Actions                                                                        │    
    │   ↑/k, ↓/j      Show the previous or next connection                                     │    
    │   g, G          Show the first or last connection                                        │    
    │   Page Up/Down  Move through connections by one page                                     │    
    │   Ctrl+B/F      Move through connections by one page                                     │    
    │   Ctrl+D/U      Scroll the connection information panes                                  │    
    │   c             Copy the remote address                                                  │    
    │   Esc           Return to Overview                                                       │    
    │                                                                                          │    
    │ ▎ Mouse                                                                                  │    
    │   Click field       Copy that field's value                                              │    
    │   Click connection  Select a connection in the continuity strip                          │    
    │   Scroll wheel      Scroll the connection information panes                              │    
    │                                                                                          │    
    │ ▎ Global                                                                                 │    
    │   Tab, ]        Next tab                                                                 │    
    │   Shift+Tab, [  Previous tab                                                             │    
    │   1-4           Jump to Overview, Details, Activity, or Graph                            │    
    │   h, Esc        Close this help overlay                                                  │    
    │   q             Quit application (press twice to confirm)                                │    
    │   Ctrl+C        Quit immediately                                                         │    
    │                                                                                          │    
    ╰──────────────────────────────────────────────────────────────────────────────────────────╯
