---
source: src/ui/mod.rs
expression: output
---
 rustnet    1 Overview   2 Details   3 Activity   4 Graph   5 Host        ● eth0
─────────────────────────────────────━━━━━━━━━━─────────────────────────────────
Processes   Capture                                                             
━━━━━━━━━───────────────────────────────────────────────────────────────────────
TX -   RX -                                                                     
Coverage 60s: TX n/a  RX n/a                                                    
▎ Processes · TX · Retained TX ↓ ────────────────────────────────────────── 0/0 
Waiting for process traffic...                                                  
                                                                                
                                                                                
                                                                                
                                                                                
                                                                                
                                                                                
                                                                                
                                                                                
                                                                                
                                                                                
                                                                                
                                                                                
                                                                                
                                                                                
                                                                                
 v/V section  d tx/rx  s sort  S order  esc back                 h help  q quit
