---
source: src/ui/mod.rs
expression: output
---
                                                                                
                                                                                
                                                                                
                                                                                
                                                                                
                                                                                
                                                                                
                                                                                
╭RustNet Monitor───────────────────────────────────────────────────────────────╮
│                                                                              │
│                       ⣾ Loading network connections...                       │
│                                                                              │
│                   Preparing capture and process attribution                  │
│                                                                              │
│                   ⠀⠀⠀⠀⠀⠀⠀⠀⠀⠀⠀⠀⠀⠀⣠⣶⣿⣿⣿⣿⣷⣦⡀⠀⠀⠀⠀⠀⢀⣤⣤⣤⣤⣄⡀⠀⠀⠀⠀⠀                   │
│                   ⣀⣠⣶⣿⣿⣿⣿⣿⣶⣄⣀⣀⣴⣾⣿⣿⣿⣿⣿⣿⣿⣿⣿⣦⣀⣀⣠⣾⣿⣿⣿⣿⣿⣿⣿⣷⣤⣀⣀⠀                   │
╰──────────────────────────────────────────────────────────────────────────────╯
