---
source: src/ui/mod.rs
expression: "render_activity(&app, ActivityDirection::Ingress)"
---
 rustnet    1 Overview   2 Details   3 Activity   4 Graph   5 Host                                                                              ● eth0
─────────────────────────────────────━━━━━━━━━━───────────────────────────────────────────────────────────────────────────────────────────────────────
▎ Egress (TX) ───────────────────────────────────────   ▎ Ingress (RX) ──────────────────────────────────────   ▎ Capture coverage · 60s ─────────────
2.88 MB/s  now                                          1.70 MB/s  now                                          TX                               73.1%
                                                                                                                ░░░░░░░▒▒▒▒▒▒▒▓▓▓▓▓▓▓██████▊··········
Captured · 60s                                5.85 MB   Captured · 60s                                3.67 MB                                         
Retained                                      5.85 MB   Retained                                      3.67 MB   RX                               91.8%
                                                                                                                ░░░░░░░░░▒▒▒▒▒▒▒▒▒▓▓▓▓▓▓▓▓▓███████▉···
                                                                                                                                                      
▎ Processes · Ingress (RX)  Retained RX ↓ ───────────────────────────────────────────────────────────────────   eth0 TX                        8.00 MB
Process              Share                RX now    60s %    Retained     Conns   Remote Top remote peer        eth0 RX                        4.00 MB
                                                                                                                                                      
firefox (2001)       ░░░░▒▒▒▓▓▓██▋··   1.43 MB/s    84.1%     3.09 MB       1/1        1 140.82.121.4:443       ▎ Process attribution ────────────────
                                                                                                                TX                       100.0% mapped
sshd (1500)          ██▏············ 244.14 KB/s    14.1%   529.30 KB       1/1        1 10.0.0.5:51022         Unknown                            0 B
                                                                                                                                                      
systemd-resolved (8… ▎··············  31.25 KB/s     1.8%    65.82 KB       1/1        1 1.1.1.1:53             RX                       100.0% mapped
                                                                                                                Unknown                            0 B
curl (9876)          ···············           -     0.0%     1.50 KB       1/1        1 151.101.1.195:443                                            
                                                                                                                                                      
                                                                                                                ▎ Interfaces · RX ────────────────────
                                                                                                                eth0       ░░░▒▒▒▓▓▓██ ↑4.0M ↓2.0M    
                                                                                                                                                      
                                                                                                                                                      
                                                                                                                                                      
                                                                                                                                                      
                                                                                                                                                      
                                                                                                                                                      
                                                                                                                                                      
                                                                                                                                                      
                                                                                                                                                      
                                                                                                                                                      
                                                                                                                                                      
                                                                                                                                                      
                                                                                                                                                      
                                                                                                                                                      
                                                                                                                                                      
                                                                                                                                                      
                                                                                                                                                      
 d tx/rx  s sort  S order  esc back                                                                                                    h help  q quit
