---
source: src/ui.rs
assertion_line: 5529
expression: output
---
╭ RustNet Monitor ─────────────────────────────────────────────────────────────────────────────────────────────────────────────────────────╮
│ Overview  ▏  Details  ▏  Interfaces  ▏  Graph  ▏  Help                                                                                   │
╰──────────────────────────────────────────────────────────────────────────────────────────────────────────────────────────────────────────╯
╭ Traffic Over Time (60s) ───────────────────────────────────────────────────────────────────────╮╭ Connections ───────────────────────────╮
│Collecting data...                                                                              ││Collecting...                           │
│                                                                                                ││                                        │
│                                                                                                ││                                        │
│                                                                                                ││                                        │
│                                                                                                ││                                        │
│                                                                                                ││                                        │
│                                                                                                ││                                        │
│                                                                                                ││                                        │
│                                                                                                ││                                        │
│                                                                                                ││                                        │
│                                                                                                ││                                        │
╰────────────────────────────────────────────────────────────────────────────────────────────────╯╰────────────────────────────────────────╯
╭ Network Health ───────────────────────────────╮╭ TCP Counters ─────────────────────────────────╮╭ TCP States ────────────────────────────╮
│Collecting data...                             ││  Retransmits         0                        ││     ESTAB ███████████████████████    2 │
│                                               ││  Out of Order        0                        ││ TIME_WAIT ███████████    1             │
│                                               ││  Fast Retrans        0                        ││                                        │
│                                               ││                                               ││                                        │
│                                               ││                                               ││                                        │
╰───────────────────────────────────────────────╯╰───────────────────────────────────────────────╯╰────────────────────────────────────────╯
╭ Application Distribution ──────────────────────────────────────────╮╭ Top Processes ─────────────────────────────────────────────────────╮
│Other  █████████████████████████████████████████████████████ 100.0% ││No active processes                                                 │
│                                                                    ││                                                                    │
│                                                                    ││                                                                    │
│                                                                    ││                                                                    │
│                                                                    ││                                                                    │
│                                                                    ││                                                                    │
│                                                                    ││                                                                    │
│                                                                    ││                                                                    │
│                                                                    ││                                                                    │
│                                                                    ││                                                                    │
│                                                                    ││                                                                    │
│                                                                    ││                                                                    │
│                                                                    ││                                                                    │
│                                                                    ││                                                                    │
╰────────────────────────────────────────────────────────────────────╯╰────────────────────────────────────────────────────────────────────╯
 'h' help | Tab/Shift+Tab switch tabs | Esc back to Overview
